// Jest Snapshot v1, https://goo.gl/fbAQLP

exports[`renders learn react link 1`] = `
Object {
  "asFragment": [Function],
  "baseElement": <body>
    <div>
      <div
        class="app"
      >
        <div
          class="header"
        >
          <h1>
            MINESWEEPER
          </h1>
        </div>
        <div
          class="layout"
        >
          <div
            class="startContainer"
          >
            <h2>
              Choose a level to start a new game
            </h2>
            <hr />
            <div
              class="btnContainer"
            >
              <button
                class="button button25"
                data-id="25"
              >
                Beginner (5x5)
              </button>
              <button
                class="button button49"
                data-id="49"
              >
                Intermediate (7x7)
              </button>
              <button
                class="button button100"
                data-id="100"
              >
                Expert (10x10)
              </button>
              <button
                class="button button144"
                data-id="144"
              >
                Master (12x12)
              </button>
            </div>
          </div>
        </div>
      </div>
    </div>
  </body>,
  "container": <div>
    <div
      class="app"
    >
      <div
        class="header"
      >
        <h1>
          MINESWEEPER
        </h1>
      </div>
      <div
        class="layout"
      >
        <div
          class="startContainer"
        >
          <h2>
            Choose a level to start a new game
          </h2>
          <hr />
          <div
            class="btnContainer"
          >
            <button
              class="button button25"
              data-id="25"
            >
              Beginner (5x5)
            </button>
            <button
              class="button button49"
              data-id="49"
            >
              Intermediate (7x7)
            </button>
            <button
              class="button button100"
              data-id="100"
            >
              Expert (10x10)
            </button>
            <button
              class="button button144"
              data-id="144"
            >
              Master (12x12)
            </button>
          </div>
        </div>
      </div>
    </div>
  </div>,
  "debug": [Function],
  "findAllByAltText": [Function],
  "findAllByDisplayValue": [Function],
  "findAllByLabelText": [Function],
  "findAllByPlaceholderText": [Function],
  "findAllByRole": [Function],
  "findAllByTestId": [Function],
  "findAllByText": [Function],
  "findAllByTitle": [Function],
  "findByAltText": [Function],
  "findByDisplayValue": [Function],
  "findByLabelText": [Function],
  "findByPlaceholderText": [Function],
  "findByRole": [Function],
  "findByTestId": [Function],
  "findByText": [Function],
  "findByTitle": [Function],
  "getAllByAltText": [Function],
  "getAllByDisplayValue": [Function],
  "getAllByLabelText": [Function],
  "getAllByPlaceholderText": [Function],
  "getAllByRole": [Function],
  "getAllByTestId": [Function],
  "getAllByText": [Function],
  "getAllByTitle": [Function],
  "getByAltText": [Function],
  "getByDisplayValue": [Function],
  "getByLabelText": [Function],
  "getByPlaceholderText": [Function],
  "getByRole": [Function],
  "getByTestId": [Function],
  "getByText": [Function],
  "getByTitle": [Function],
  "queryAllByAltText": [Function],
  "queryAllByDisplayValue": [Function],
  "queryAllByLabelText": [Function],
  "queryAllByPlaceholderText": [Function],
  "queryAllByRole": [Function],
  "queryAllByTestId": [Function],
  "queryAllByText": [Function],
  "queryAllByTitle": [Function],
  "queryByAltText": [Function],
  "queryByDisplayValue": [Function],
  "queryByLabelText": [Function],
  "queryByPlaceholderText": [Function],
  "queryByRole": [Function],
  "queryByTestId": [Function],
  "queryByText": [Function],
  "queryByTitle": [Function],
  "rerender": [Function],
  "unmount": [Function],
}
`;
